
------------ Welcome to SFINCS ------------

  @@@@@  @@@@@@@ @@ @@  @@   @@@@   @@@@@
 @@@ @@@ @@@@@@@ @@ @@@ @@ @@@@@@@ @@@ @@@
 @@@     @@      @@ @@@ @@ @@   @@ @@@
  @@@@@  @@@@@@  @@ @@@@@@ @@       @@@@@
     @@@ @@      @@ @@ @@@ @@   @@     @@@
 @@@ @@@ @@      @@ @@  @@  @@@@@@ @@@ @@@
  @@@@@  @@      @@ @@   @   @@@@   @@@@@

              ..............
          ......:@@@@@@@@:......
       ..::::..@@........@@.:::::..
     ..:::::..@@..::..::..@@.::::::..
    .::::::..@@............@@.:::::::.
   .::::::..@@..............@@.:::::::.
  .::::::::..@@............@@..::::::::.
 .:::::::::...@@.@..@@..@.@@..::::::::::.
 .:::::::::...:@@@..@@..@@@:..:::::::::..
 ............@@.@@..@@..@@.@@............
 ^^^~~^^~~^^@@..............@@^^^~^^^~~^^
 .::::::::::@@..............@@.:::::::::.
  .......:.@@.....@.....@....@@.:.......
   .::....@@......@.@@@.@....@@.....::.
    .:::~@@.:...:.@@...@@.:.:.@@~::::.
     .::~@@@@@@@@@@.....@@@@@@@@@~::.
       ..:~~~~~~~:.......:~~~~~~~:..
          ......................
              ..............

------------------------------------------

Build-Revision: $Rev: v2.4.0 Galibier Release
Build-Date: $Date: 2026-06-11

------ Preparing model simulation --------

------------------------------------------
Computational mesh
------------------------------------------
Number of active z points      :    136616
Number of active u/v points    :    272488

------------------------------------------
Processes
------------------------------------------
Subgrid topography   : no
Quadtree refinement  : no
Advection            : yes
Viscosity            : no
Coriolis             : no
Wind                 : no
Atmospheric pressure : no
Precipitation        : no
Infiltration         : no
SnapWave             : no
Wave paddles         : no
------------------------------------------


---------- Starting simulation -----------
---- Using 16 of 16 available threads ----

   0% complete,       - s remaining ...
   5% complete,     5.9 s remaining ...
  10% complete,     5.6 s remaining ...
  15% complete,     5.0 s remaining ...
  20% complete,     4.7 s remaining ...
  25% complete,     4.3 s remaining ...
  30% complete,     3.9 s remaining ...
  35% complete,     3.5 s remaining ...
  40% complete,     3.2 s remaining ...
  45% complete,     2.8 s remaining ...
  50% complete,     2.5 s remaining ...
  55% complete,     2.2 s remaining ...
  60% complete,     2.0 s remaining ...
  65% complete,     1.7 s remaining ...
  70% complete,     1.5 s remaining ...
  75% complete,     1.2 s remaining ...
  80% complete,     1.0 s remaining ...
  85% complete,     0.7 s remaining ...
  90% complete,     0.5 s remaining ...
  95% complete,     0.2 s remaining ...
 100% complete,     0.0 s remaining ...

---------- Simulation finished -----------

 Total time             :      4.820
 Total simulation time  :      4.693
 Time in input          :      0.127
 Time in boundaries     :      0.326 (  6.9%)
 Time in discharges     :      0.010 (  0.2%)
 Time in momentum       :      2.898 ( 61.8%)
 Time in continuity     :      1.365 ( 29.1%)
 Time in output         :      0.081 (  1.7%)

 Average time step (s)  :      3.517

----------- Closing off SFINCS -----------
